INFO: [VRFC 10-2263] Analyzing Verilog file "E:/111work/vivado/24SecondsCountdown/24SecondsCountdown.sim/sim_1/impl/timing/xsim/top_timing_tb_time_impl.v" into library xil_defaultlib
INFO: [VRFC 10-311] analyzing module RAM32M_UNIQ_BASE_
INFO: [VRFC 10-311] analyzing module RAM32M_HD49
INFO: [VRFC 10-311] analyzing module RAM32M_HD50
INFO: [VRFC 10-311] analyzing module RAM32M_HD51
INFO: [VRFC 10-311] analyzing module RAM32M_HD53
INFO: [VRFC 10-311] analyzing module RAM32M_HD54
INFO: [VRFC 10-311] analyzing module RAM32M_HD55
INFO: [VRFC 10-311] analyzing module RAM32M_HD56
INFO: [VRFC 10-311] analyzing module RAM32M_HD57
INFO: [VRFC 10-311] analyzing module RAM32M_HD60
INFO: [VRFC 10-311] analyzing module RAM32X1D_UNIQ_BASE_
INFO: [VRFC 10-311] analyzing module RAM32X1D_HD52
INFO: [VRFC 10-311] analyzing module RAM32X1D_HD58
INFO: [VRFC 10-311] analyzing module RAM32X1D_HD59
INFO: [VRFC 10-311] analyzing module alu
INFO: [VRFC 10-311] analyzing module blk_mem_gen_0
INFO: [VRFC 10-311] analyzing module button_debounce
INFO: [VRFC 10-311] analyzing module clk_wiz_0
INFO: [VRFC 10-311] analyzing module clk_wiz_0_clk_wiz
INFO: [VRFC 10-311] analyzing module datapath
INFO: [VRFC 10-311] analyzing module flop
INFO: [VRFC 10-311] analyzing module flop_0
INFO: [VRFC 10-311] analyzing module flop_1
INFO: [VRFC 10-311] analyzing module flop_2
INFO: [VRFC 10-311] analyzing module flopen
INFO: [VRFC 10-311] analyzing module flopenr
INFO: [VRFC 10-311] analyzing module iomapper
INFO: [VRFC 10-311] analyzing module mips
INFO: [VRFC 10-311] analyzing module outputcontrol
INFO: [VRFC 10-311] analyzing module regfile
INFO: [VRFC 10-311] analyzing module seven_seg
INFO: [VRFC 10-311] analyzing module timer_toggle
INFO: [VRFC 10-311] analyzing module top
INFO: [VRFC 10-311] analyzing module blk_mem_gen_0_blk_mem_gen_generic_cstr
INFO: [VRFC 10-311] analyzing module blk_mem_gen_0_blk_mem_gen_prim_width
INFO: [VRFC 10-311] analyzing module blk_mem_gen_0_blk_mem_gen_prim_width__parameterized0
INFO: [VRFC 10-311] analyzing module blk_mem_gen_0_blk_mem_gen_prim_wrapper_init
INFO: [VRFC 10-311] analyzing module blk_mem_gen_0_blk_mem_gen_prim_wrapper_init__parameterized0
INFO: [VRFC 10-311] analyzing module blk_mem_gen_0_blk_mem_gen_top
INFO: [VRFC 10-311] analyzing module blk_mem_gen_0_blk_mem_gen_v8_4_11
INFO: [VRFC 10-311] analyzing module blk_mem_gen_0_blk_mem_gen_v8_4_11_synth
INFO: [VRFC 10-311] analyzing module glbl
INFO: [VRFC 10-2263] Analyzing Verilog file "E:/111work/处理器设计课设/verilog/test_bench.v" into library xil_defaultlib
INFO: [VRFC 10-311] analyzing module top_timing_tb
