Vivado Simulator v2025.1.0
Copyright 1986-2022 Xilinx, Inc. All Rights Reserved.
Copyright 2022-2025 Advanced Micro Devices, Inc. All Rights Reserved.
Running: E:/2025.1/Vivado/bin/unwrapped/win64.o/xelab.exe --incr --debug typical --relax --mt 2 -L xil_defaultlib -L blk_mem_gen_v8_4_11 -L unisims_ver -L unimacro_ver -L secureip -L xpm --snapshot top_timing_tb_behav xil_defaultlib.top_timing_tb xil_defaultlib.glbl -log elaborate.log 
Using 2 slave threads.
Starting static elaboration
Pass Through NonSizing Optimizer
Completed static elaboration
Starting simulation data flow analysis
Completed simulation data flow analysis
Time Resolution for simulation is 1ps
Compiling module unisims_ver.IBUF
Compiling module unisims_ver.MMCME2_ADV(CLKFBOUT_MULT_F=10.0,...
Compiling module unisims_ver.BUFG
Compiling module xil_defaultlib.clk_wiz_0_clk_wiz
Compiling module xil_defaultlib.clk_wiz_0
Compiling module xil_defaultlib.outputcontrol
Compiling module xil_defaultlib.alucontrol
Compiling module xil_defaultlib.mux2to1(WIDTH=5)
Compiling module xil_defaultlib.flopen
Compiling module xil_defaultlib.flopenr
Compiling module xil_defaultlib.flop
Compiling module xil_defaultlib.mux2to1
Compiling module xil_defaultlib.mux4to1
Compiling module xil_defaultlib.regfile
Compiling module xil_defaultlib.alu
Compiling module xil_defaultlib.datapath_default
Compiling module xil_defaultlib.mips
Compiling module blk_mem_gen_v8_4_11.blk_mem_gen_v8_4_11_output_stage...
Compiling module blk_mem_gen_v8_4_11.blk_mem_gen_v8_4_11_output_stage...
Compiling module blk_mem_gen_v8_4_11.blk_mem_gen_v8_4_11_softecc_outp...
Compiling module blk_mem_gen_v8_4_11.blk_mem_gen_v8_4_11_mem_module(C...
Compiling module blk_mem_gen_v8_4_11.blk_mem_gen_v8_4_11(C_FAMILY="ar...
Compiling module xil_defaultlib.blk_mem_gen_0
Compiling module xil_defaultlib.timer_toggle
Compiling module xil_defaultlib.button_debounce
Compiling module xil_defaultlib.seven_seg
Compiling module xil_defaultlib.iomapper
Compiling module xil_defaultlib.top
Compiling module xil_defaultlib.top_timing_tb
Compiling module xil_defaultlib.glbl
Built simulation snapshot top_timing_tb_behav
