INFO: [VRFC 10-2263] Analyzing Verilog file "E:/111work/vivado/24SecondsCountdown/24SecondsCountdown.sim/sim_1/synth/timing/xsim/top_time_synth.v" into library xil_defaultlib
INFO: [VRFC 10-311] analyzing module RAM32M_UNIQ_BASE_
INFO: [VRFC 10-311] analyzing module RAM32M_HD85
INFO: [VRFC 10-311] analyzing module RAM32M_HD86
INFO: [VRFC 10-311] analyzing module RAM32M_HD87
INFO: [VRFC 10-311] analyzing module RAM32M_HD89
INFO: [VRFC 10-311] analyzing module RAM32M_HD90
INFO: [VRFC 10-311] analyzing module RAM32M_HD91
INFO: [VRFC 10-311] analyzing module RAM32M_HD92
INFO: [VRFC 10-311] analyzing module RAM32M_HD93
INFO: [VRFC 10-311] analyzing module RAM32M_HD96
INFO: [VRFC 10-311] analyzing module RAM32X1D_UNIQ_BASE_
INFO: [VRFC 10-311] analyzing module RAM32X1D_HD88
INFO: [VRFC 10-311] analyzing module RAM32X1D_HD94
INFO: [VRFC 10-311] analyzing module RAM32X1D_HD95
INFO: [VRFC 10-311] analyzing module alu
INFO: [VRFC 10-311] analyzing module blk_mem_gen_0
INFO: [VRFC 10-311] analyzing module button_debounce
INFO: [VRFC 10-311] analyzing module clk_wiz_0
INFO: [VRFC 10-311] analyzing module clk_wiz_0_clk_wiz
INFO: [VRFC 10-311] analyzing module datapath
INFO: [VRFC 10-311] analyzing module flop
INFO: [VRFC 10-311] analyzing module flop_0
INFO: [VRFC 10-311] analyzing module flop_1
INFO: [VRFC 10-311] analyzing module flop_2
INFO: [VRFC 10-311] analyzing module flopen
INFO: [VRFC 10-311] analyzing module flopenr
INFO: [VRFC 10-311] analyzing module iomapper
INFO: [VRFC 10-311] analyzing module mips
INFO: [VRFC 10-311] analyzing module outputcontrol
INFO: [VRFC 10-311] analyzing module regfile
INFO: [VRFC 10-311] analyzing module timer_toggle
INFO: [VRFC 10-311] analyzing module top
INFO: [VRFC 10-311] analyzing module blk_mem_gen_0_blk_mem_gen_generic_cstr
INFO: [VRFC 10-311] analyzing module blk_mem_gen_0_blk_mem_gen_prim_width
INFO: [VRFC 10-311] analyzing module blk_mem_gen_0_blk_mem_gen_prim_wrapper
INFO: [VRFC 10-311] analyzing module blk_mem_gen_0_blk_mem_gen_top
INFO: [VRFC 10-311] analyzing module blk_mem_gen_0_blk_mem_gen_v8_4_11
INFO: [VRFC 10-311] analyzing module blk_mem_gen_0_blk_mem_gen_v8_4_11_synth
INFO: [VRFC 10-311] analyzing module glbl
